##########################################################################################
##########################################################################################
##########################################################################################
##########################################################################################
##########################################################################################
#####..................##..................####...................##.................#####
#####..................##..................####...................##.................#####
#####..................##..................####...................##.................#####
#####...D....D....D....##...D....D....D....####...S.........S.....##.................#####
#####...D....D....D....##...D....D....D....####...................##...L...L...L.....#####
#####..................##..................####...S.........S.....##.................#####
#####...D....D....D....##...D....D....D....####...................##...L...L...L.....#####
#####..................##..................####...S.........S.....##.................#####
#####..................##..................####...................##.................#####
#####..................##..................####...S.........S.....##.................#####
#####..................##..................####...................##.................#####
#####..................##..................####...................##.................#####
##############O###################O#####################O###################O#############
#######################################CCCCCC#########################CCCCCC###############
#######################################CCCCCC#########################CCCCCC###############
########CCCCCCCCCCCCCCCCCCCCCCCCCCCCCCCCCCCCCCCCCCCCCCCCCCCCCCCCCCCCCCCCCCCCCCCCC#########
########CCCCCCCCCCCCCCCCCCCCCCCCCCCCCCCCCCCCCCCCCCCCCCCCCCCCCCCCCCCCCCCCCCCCCCCCC#########
########CCCCCCCCCCCCCCCCCCCCCCCCCCCCCCCCCCCCCCCCCCCCCCCCCCCCCCCCCCCCCCCCCCCCCCCCC#########
########CCCCCCCCCCCCCCCCCCCCCCCCCCCCCCCCCCCCCCCCCCCCCCCCCCCCCCCCCCCCCCCCCCCCCCCCC#########
##############O###################O#####################O###################O#############
#####..................##..................####...................##RRRRRRRRRRRRRRRRR#####
#####..................##..................####...................##RRRRRRRRRRRRRRRRR#####
#####..................##..................####...................##RRRRRRRRRRRRRRRRR#####
#####...P.......P......##..................####...B.....B.....B...##RRRRRRRRRRRRRRRRR#####
#####..................##..................####...................##RRRRRRRTRRRRRRRRR#####
#####..................##.......D..........####...................##RRRRRRRTRRRRRRRRR#####
#####...P.......P......##.......D..........####...B.....B.....B...##RRRRRRRRRRRRRRRRR#####
#####..................##..................####...................##RRRRRRRRRRRRRSRRR#####
#####..................##..................####...................##RRRRRRRRRRRRRRRRR#####
#####...P.......P......##...S.........S....####...................##RRRRRRRRRRRRRRRRR#####
#####..................##..................####...................##RRRRRRRRRRRRRRRRR#####
#####..................##..................####...................##RRRRRRRRRRRRRRRRR#####
##########################################################################################
##########################################################################################
##########################################################################################
#######################################CCCCCC#########################CCCCCC###############
#######################################CCCCCC#########################CCCCCC###############
#######################################CCCCCC#########################CCCCCC###############
#######################################CCCCCC#########################CCCCCC###############
#######################################CCCCCC#########################CCCCCC###############
##################################NNNNNNNNOONNNNNNN#########################OOXXXXXXX#####
##################################NNNNNNNNNNNNNNNNN#########################XXXXXXXXX#####
##################################NNNNNNNNNNNNNNNNN#########################XXXXXXXXX#####
##################################NNNNNNNNNNNNNNNNN#########################XXXXXXXXX#####
##################################NNNNNNNNNNNNNNNNNCCCCCCCCCCCCCCCCCCCCCCCCCXXXXXXXXX#####
##################################NNNNNNNNNNNNNNNNNCCCCCCCCCCCCCCCCCCCCCCCCCXXXXXXXXX#####
##################################NNNNNNNNNNNNNNNNNCCCCCCCCCCCCCCCCCCCCCCCCCXXXXXXXXX#####
##################################NNNNNNNNNNNNNNNNN#########################XXXXXXXXX#####
##################################NNNNNNNNNNNNNNNNN#########################XXXXXXXXX#####
##########################################################################################
##########################################################################################
##########################################################################################
##########################################################################################
##########################################################################################
