################################################
################################################
####...........KKKKKKKKKKKKKKKK...........OO####
####...........KKKKKKKKKKKKKKKK...........OO####
####..................hh....................####
####................DDDDDD..................####
####................DDDDDD.............SS...####
####...................................SS...####
####...DDDD...DDDD............DDDD...DDDD...####
####...DDDD...DDDD............DDDD...DDDD...####
####...hhhh...hhhh............hhhh...hhhh.MM####
####......................................MM####
####...DDDD...DDDD............DDDD...DDDD...####
####...DDDD...DDDD............DDDD...DDDD...####
####...hhhh...hhhh............hhhh...hhhh.SS####
####......................................SS####
####...DDDD...DDDD............DDDD...DDDD...####
####...DDDD...DDDD............DDDD...DDDD...####
####...hhhh...hhhh............hhhh...hhhh.SS####
####....h.................................SS####
####........................................####
####..DD................................DD..####
####........................................####
####..................NNNN..................####
######################OOOO######################
######################OOOO######################
################################################
